==4627== Memcheck, a memory error detector
==4627== Copyright (C) 2002-2017, and GNU GPL'd, by Julian Seward et al.
==4627== Using Valgrind-3.18.1 and LibVEX; rerun with -h for copyright info
==4627== Command: ./a.out
==4627== Parent PID: 4619
==4627== 
==4627== 
==4627== HEAP SUMMARY:
==4627==     in use at exit: 53 bytes in 4 blocks
==4627==   total heap usage: 7 allocs, 3 frees, 5,645 bytes allocated
==4627== 
==4627== 5 bytes in 1 blocks are still reachable in loss record 1 of 4
==4627==    at 0x4848899: malloc (in /usr/libexec/valgrind/vgpreload_memcheck-amd64-linux.so)
==4627==    by 0x109680: createNode (graph.c:27)
==4627==    by 0x1096DC: addNode (graph.c:35)
==4627==    by 0x109F87: loadGraph (graph.c:249)
==4627==    by 0x10CC38: main (main.c:572)
==4627== 
==4627== 8 bytes in 1 blocks are still reachable in loss record 2 of 4
==4627==    at 0x4848899: malloc (in /usr/libexec/valgrind/vgpreload_memcheck-amd64-linux.so)
==4627==    by 0x1096F6: addNode (graph.c:39)
==4627==    by 0x109F87: loadGraph (graph.c:249)
==4627==    by 0x10CC38: main (main.c:572)
==4627== 
==4627== 16 bytes in 1 blocks are still reachable in loss record 3 of 4
==4627==    at 0x4848899: malloc (in /usr/libexec/valgrind/vgpreload_memcheck-amd64-linux.so)
==4627==    by 0x10961E: createGraph (graph.c:17)
==4627==    by 0x109F08: loadGraph (graph.c:238)
==4627==    by 0x10CC38: main (main.c:572)
==4627== 
==4627== 24 bytes in 1 blocks are still reachable in loss record 4 of 4
==4627==    at 0x4848899: malloc (in /usr/libexec/valgrind/vgpreload_memcheck-amd64-linux.so)
==4627==    by 0x10965B: createNode (graph.c:25)
==4627==    by 0x1096DC: addNode (graph.c:35)
==4627==    by 0x109F87: loadGraph (graph.c:249)
==4627==    by 0x10CC38: main (main.c:572)
==4627== 
==4627== LEAK SUMMARY:
==4627==    definitely lost: 0 bytes in 0 blocks
==4627==    indirectly lost: 0 bytes in 0 blocks
==4627==      possibly lost: 0 bytes in 0 blocks
==4627==    still reachable: 53 bytes in 4 blocks
==4627==         suppressed: 0 bytes in 0 blocks
==4627== 
==4627== ERROR SUMMARY: 0 errors from 0 contexts (suppressed: 0 from 0)
